keycode   1 = Escape
keycode   2 = exclam              one
keycode   3 = at              two               at               nul              nul
keycode   4 = numbersign            three
	control	keycode   4 = Escape
keycode   5 = dollar             four           dollar           Control_backslash
keycode   6 = percent            five
	control	keycode   6 = Control_bracketright
keycode   7 = asciicircum              six
	control	keycode   7 = Control_asciicircum
keycode   8 = ampersand             seven       braceleft        Control_underscore
keycode   9 = asterisk              eight       bracketleft      Delete
keycode  10 = parenleft             nine        bracketright
keycode  11 = parenright            zero        braceright
keycode  12 = underscore            minus       backslash        Control_underscore Control_underscore
keycode  13 = plus            equal
keycode  14 = Delete
keycode  15 = Tab
	shift	keycode  15 = Meta_Tab
keycode  26 = bracketleft      braceleft
	control	keycode  26 = Escape
keycode  27 = bracketright     braceright       asciitilde       Control_bracketright
keycode  28 = Return
	alt	keycode  28 = Meta_Control_m
keycode  29 = Control
keycode  39 = apostrophe       quotedbl
keycode  40 = parenleft        bar
	control	keycode  40 = Control_g
keycode  41 = grave            asciitilde
	control	keycode  41 = nul
keycode  42 = Shift
keycode  43 = parenright        backslash
	control	keycode  43 = Control_backslash
keycode  51 = comma            semicolon
keycode  52 = period           colon
keycode  53 = slash            question
	control keycode  53 = Control_underscore
	control shift keycode  53 = Delete
keycode  54 = Shift
keycode  56 = Alt
keycode  57 = space
	control	keycode  57 = nul
keycode 58 = Escape
keycode  86 = less             greater          bar
keycode  97 = Control
